// Jest Snapshot v1, https://goo.gl/fbAQLP

exports[`[Component] NotYetImplemented should render correctly 1`] = `
<View
  style={
    Array [
      Object {
        "alignItems": "center",
        "backgroundColor": "white",
        "flexGrow": 1,
        "justifyContent": "center",
      },
    ]
  }
>
  <Image
    resizeMode="contain"
    source={
      Object {
        "testUri": "../../../src/theme/images/workInProgress/workInProgress.png",
      }
    }
    style={
      Array [
        Object {
          "alignSelf": "center",
          "height": "50%",
          "width": "70%",
        },
      ]
    }
  />
  <Text>
    We are currently working on the page 
  </Text>
</View>
`;
